
> calenrecall@2025.12.04.2 test:calendars
> ts-node --project scripts/tsconfig.json scripts/test-calendar-accuracy.ts

============================================================
Calendar Accuracy Test Suite
============================================================

=== Test 1: JDN Consistency ===
Ô£ù JDN Consistency (chinese, 1000-12-31): JDN mismatch: 2096479 vs 2096126
  Details: {
  "original": {
    "year": 1000,
    "month": 12,
    "day": 31
  },
  "converted": {
    "year": 1000,
    "month": 1,
    "day": 1,
    "calendar": "chinese",
    "era": "CE"
  },
  "jdn": 2096479,
  "jdn2": 2096126
}
Ô£ù JDN Consistency (indian-saka, 1000-12-31): JDN mismatch: 2114873 vs 2114507
  Details: {
  "original": {
    "year": 1000,
    "month": 12,
    "day": 31
  },
  "converted": {
    "year": 1000,
    "month": 1,
    "day": 1,
    "calendar": "indian-saka",
    "era": "Saka"
  },
  "jdn": 2114873,
  "jdn2": 2114507
}

=== Test 2: Cross-Calendar Alignment ===
Ô£ù Cross-Calendar Alignment (Gregorian Epoch -> chinese): JDN difference: 672877 days (expected <= 2)
  Details: {
  "gregorian": {
    "year": 1,
    "month": 1,
    "day": 1
  },
  "converted": {
    "year": -58,
    "month": 8,
    "day": 15,
    "calendar": "chinese",
    "era": "CE"
  },
  "jdn": 1721426,
  "convertedJDN": 2394303,
  "diff": 672877
}
Ô£ù Cross-Calendar Alignment (Gregorian Epoch -> ethiopian): JDN difference: 111 days (expected <= 1)
  Details: {
  "gregorian": {
    "year": 1,
    "month": 1,
    "day": 1
  },
  "converted": {
    "year": -7,
    "month": 8,
    "day": 29,
    "calendar": "ethiopian",
    "era": "EE"
  },
  "jdn": 1721426,
  "convertedJDN": 1721537,
  "diff": 111
}
Ô£ù Cross-Calendar Alignment (Gregorian Epoch -> coptic): JDN difference: 111 days (expected <= 1)
  Details: {
  "gregorian": {
    "year": 1,
    "month": 1,
    "day": 1
  },
  "converted": {
    "year": -283,
    "month": 8,
    "day": 29,
    "calendar": "coptic",
    "era": "AM"
  },
  "jdn": 1721426,
  "convertedJDN": 1721537,
  "diff": 111
}
Ô£ù Cross-Calendar Alignment (Gregorian Epoch -> mayan-longcount): JDN difference: 263 days (expected <= 1)
  Details: {
  "gregorian": {
    "year": 1,
    "month": 1,
    "day": 1
  },
  "converted": {
    "year": 7,
    "month": 17,
    "day": 18,
    "calendar": "mayan-longcount",
    "era": ""
  },
  "jdn": 1721426,
  "convertedJDN": 1721163,
  "diff": 263
}
Ô£ù Cross-Calendar Alignment (Julian Epoch -> chinese): JDN difference: 672877 days (expected <= 2)
  Details: {
  "gregorian": {
    "year": 1,
    "month": 1,
    "day": 1
  },
  "converted": {
    "year": -58,
    "month": 8,
    "day": 15,
    "calendar": "chinese",
    "era": "CE"
  },
  "jdn": 1721426,
  "convertedJDN": 2394303,
  "diff": 672877
}
Ô£ù Cross-Calendar Alignment (Julian Epoch -> ethiopian): JDN difference: 111 days (expected <= 1)
  Details: {
  "gregorian": {
    "year": 1,
    "month": 1,
    "day": 1
  },
  "converted": {
    "year": -7,
    "month": 8,
    "day": 29,
    "calendar": "ethiopian",
    "era": "EE"
  },
  "jdn": 1721426,
  "convertedJDN": 1721537,
  "diff": 111
}
Ô£ù Cross-Calendar Alignment (Julian Epoch -> coptic): JDN difference: 111 days (expected <= 1)
  Details: {
  "gregorian": {
    "year": 1,
    "month": 1,
    "day": 1
  },
  "converted": {
    "year": -283,
    "month": 8,
    "day": 29,
    "calendar": "coptic",
    "era": "AM"
  },
  "jdn": 1721426,
  "convertedJDN": 1721537,
  "diff": 111
}
Ô£ù Cross-Calendar Alignment (Julian Epoch -> mayan-longcount): JDN difference: 263 days (expected <= 1)
  Details: {
  "gregorian": {
    "year": 1,
    "month": 1,
    "day": 1
  },
  "converted": {
    "year": 7,
    "month": 17,
    "day": 18,
    "calendar": "mayan-longcount",
    "era": ""
  },
  "jdn": 1721426,
  "convertedJDN": 1721163,
  "diff": 263
}
Ô£ù Cross-Calendar Alignment (Islamic Epoch -> mayan-longcount): JDN difference: 114 days (expected <= 1)
  Details: {
  "gregorian": {
    "year": 622,
    "month": 7,
    "day": 16
  },
  "converted": {
    "year": 9,
    "month": 9,
    "day": 9,
    "calendar": "mayan-longcount",
    "era": ""
  },
  "jdn": 1948437,
  "convertedJDN": 1948323,
  "diff": 114
}
Ô£ù Cross-Calendar Alignment (Hebrew Epoch -> chinese): JDN difference: 674066 days (expected <= 2)
  Details: {
  "gregorian": {
    "year": -3761,
    "month": 10,
    "day": 7
  },
  "converted": {
    "year": -3935,
    "month": 12,
    "day": 14,
    "calendar": "chinese",
    "era": "CE"
  },
  "jdn": 347662,
  "convertedJDN": 1021728,
  "diff": 674066
}
Ô£ù Cross-Calendar Alignment (Hebrew Epoch -> ethiopian): JDN difference: 228 days (expected <= 1)
  Details: {
  "gregorian": {
    "year": -3761,
    "month": 10,
    "day": 7
  },
  "converted": {
    "year": -3768,
    "month": 10,
    "day": 28,
    "calendar": "ethiopian",
    "era": "EE"
  },
  "jdn": 347662,
  "convertedJDN": 347890,
  "diff": 228
}
Ô£ù Cross-Calendar Alignment (Hebrew Epoch -> coptic): JDN difference: 228 days (expected <= 1)
  Details: {
  "gregorian": {
    "year": -3761,
    "month": 10,
    "day": 7
  },
  "converted": {
    "year": -4044,
    "month": 10,
    "day": 28,
    "calendar": "coptic",
    "era": "AM"
  },
  "jdn": 347662,
  "convertedJDN": 347890,
  "diff": 228
}
Ô£ù Cross-Calendar Alignment (Hebrew Epoch -> mayan-longcount): JDN difference: 101 days (expected <= 1)
  Details: {
  "gregorian": {
    "year": -3761,
    "month": 10,
    "day": 7
  },
  "converted": {
    "year": -1,
    "month": -12,
    "day": -17,
    "calendar": "mayan-longcount",
    "era": "BCE"
  },
  "jdn": 347662,
  "convertedJDN": 347763,
  "diff": 101
}
Ô£ù Cross-Calendar Alignment (Persian Epoch -> persian): JDN difference: 357 days (expected <= 1)
  Details: {
  "gregorian": {
    "year": 622,
    "month": 3,
    "day": 19
  },
  "converted": {
    "year": 0,
    "month": 1,
    "day": 9,
    "calendar": "persian",
    "era": "SH"
  },
  "jdn": 1948318,
  "convertedJDN": 1947961,
  "diff": 357
}
Ô£ù Cross-Calendar Alignment (Persian Epoch -> mayan-longcount): JDN difference: 355 days (expected <= 1)
  Details: {
  "gregorian": {
    "year": 622,
    "month": 3,
    "day": 19
  },
  "converted": {
    "year": 9,
    "month": 9,
    "day": 8,
    "calendar": "mayan-longcount",
    "era": ""
  },
  "jdn": 1948318,
  "convertedJDN": 1947963,
  "diff": 355
}
Ô£ù Cross-Calendar Alignment (Mayan Epoch -> chinese): JDN difference: 674035 days (expected <= 2)
  Details: {
  "gregorian": {
    "year": -3114,
    "month": 8,
    "day": 11
  },
  "converted": {
    "year": -3268,
    "month": 8,
    "day": 25,
    "calendar": "chinese",
    "era": "CE"
  },
  "jdn": 583918,
  "convertedJDN": 1257953,
  "diff": 674035
}
Ô£ù Cross-Calendar Alignment (Mayan Epoch -> ethiopian): JDN difference: 349 days (expected <= 1)
  Details: {
  "gregorian": {
    "year": -3114,
    "month": 8,
    "day": 11
  },
  "converted": {
    "year": -3121,
    "month": 12,
    "day": 28,
    "calendar": "ethiopian",
    "era": "EE"
  },
  "jdn": 583918,
  "convertedJDN": 584267,
  "diff": 349
}
Ô£ù Cross-Calendar Alignment (Mayan Epoch -> coptic): JDN difference: 349 days (expected <= 1)
  Details: {
  "gregorian": {
    "year": -3114,
    "month": 8,
    "day": 11
  },
  "converted": {
    "year": -3397,
    "month": 12,
    "day": 28,
    "calendar": "coptic",
    "era": "AM"
  },
  "jdn": 583918,
  "convertedJDN": 584267,
  "diff": 349
}
Ô£ù Cross-Calendar Alignment (Mayan Epoch -> mayan-longcount): JDN difference: 5 days (expected <= 1)
  Details: {
  "gregorian": {
    "year": -3114,
    "month": 8,
    "day": 11
  },
  "converted": {
    "year": 0,
    "month": 0,
    "day": -1,
    "calendar": "mayan-longcount",
    "era": "BCE"
  },
  "jdn": 583918,
  "convertedJDN": 583923,
  "diff": 5
}
Ô£ù Cross-Calendar Alignment (Modern Date -> mayan-longcount): JDN difference: 68 days (expected <= 1)
  Details: {
  "gregorian": {
    "year": 2024,
    "month": 1,
    "day": 1
  },
  "converted": {
    "year": 13,
    "month": 0,
    "day": 11,
    "calendar": "mayan-longcount",
    "era": ""
  },
  "jdn": 2460311,
  "convertedJDN": 2460243,
  "diff": 68
}
Ô£ù Cross-Calendar Alignment (Leap Year Date -> bahai): JDN difference: 4 days (expected <= 1)
  Details: {
  "gregorian": {
    "year": 2024,
    "month": 2,
    "day": 29
  },
  "converted": {
    "year": 180,
    "month": 19,
    "day": 4,
    "calendar": "bahai",
    "era": "BE"
  },
  "jdn": 2460370,
  "convertedJDN": 2460374,
  "diff": 4
}
Ô£ù Cross-Calendar Alignment (Leap Year Date -> mayan-longcount): JDN difference: 127 days (expected <= 1)
  Details: {
  "gregorian": {
    "year": 2024,
    "month": 2,
    "day": 29
  },
  "converted": {
    "year": 13,
    "month": 0,
    "day": 11,
    "calendar": "mayan-longcount",
    "era": ""
  },
  "jdn": 2460370,
  "convertedJDN": 2460243,
  "diff": 127
}
Ô£ù Cross-Calendar Alignment (Negative Year -> chinese): JDN difference: 672987 days (expected <= 2)
  Details: {
  "gregorian": {
    "year": -100,
    "month": 1,
    "day": 1
  },
  "converted": {
    "year": -162,
    "month": 7,
    "day": 9,
    "calendar": "chinese",
    "era": "CE"
  },
  "jdn": 1684536,
  "convertedJDN": 2357523,
  "diff": 672987
}
Ô£ù Cross-Calendar Alignment (Negative Year -> ethiopian): JDN difference: 110 days (expected <= 1)
  Details: {
  "gregorian": {
    "year": -100,
    "month": 1,
    "day": 1
  },
  "converted": {
    "year": -108,
    "month": 8,
    "day": 29,
    "calendar": "ethiopian",
    "era": "EE"
  },
  "jdn": 1684536,
  "convertedJDN": 1684646,
  "diff": 110
}
Ô£ù Cross-Calendar Alignment (Negative Year -> coptic): JDN difference: 110 days (expected <= 1)
  Details: {
  "gregorian": {
    "year": -100,
    "month": 1,
    "day": 1
  },
  "converted": {
    "year": -384,
    "month": 8,
    "day": 29,
    "calendar": "coptic",
    "era": "AM"
  },
  "jdn": 1684536,
  "convertedJDN": 1684646,
  "diff": 110
}
Ô£ù Cross-Calendar Alignment (Negative Year -> mayan-longcount): JDN difference: 93 days (expected <= 1)
  Details: {
  "gregorian": {
    "year": -100,
    "month": 1,
    "day": 1
  },
  "converted": {
    "year": 7,
    "month": 12,
    "day": 16,
    "calendar": "mayan-longcount",
    "era": ""
  },
  "jdn": 1684536,
  "convertedJDN": 1684443,
  "diff": 93
}
Ô£ù Cross-Calendar Alignment (Year Zero -> chinese): JDN difference: 672900 days (expected <= 2)
  Details: {
  "gregorian": {
    "year": 0,
    "month": 1,
    "day": 1
  },
  "converted": {
    "year": -59,
    "month": 8,
    "day": 4,
    "calendar": "chinese",
    "era": "CE"
  },
  "jdn": 1721060,
  "convertedJDN": 2393960,
  "diff": 672900
}
Ô£ù Cross-Calendar Alignment (Year Zero -> ethiopian): JDN difference: 112 days (expected <= 1)
  Details: {
  "gregorian": {
    "year": 0,
    "month": 1,
    "day": 1
  },
  "converted": {
    "year": -8,
    "month": 8,
    "day": 30,
    "calendar": "ethiopian",
    "era": "EE"
  },
  "jdn": 1721060,
  "convertedJDN": 1721172,
  "diff": 112
}
Ô£ù Cross-Calendar Alignment (Year Zero -> coptic): JDN difference: 112 days (expected <= 1)
  Details: {
  "gregorian": {
    "year": 0,
    "month": 1,
    "day": 1
  },
  "converted": {
    "year": -284,
    "month": 8,
    "day": 30,
    "calendar": "coptic",
    "era": "AM"
  },
  "jdn": 1721060,
  "convertedJDN": 1721172,
  "diff": 112
}
Ô£ù Cross-Calendar Alignment (Year Zero -> mayan-longcount): JDN difference: 257 days (expected <= 1)
  Details: {
  "gregorian": {
    "year": 0,
    "month": 1,
    "day": 1
  },
  "converted": {
    "year": 7,
    "month": 17,
    "day": 17,
    "calendar": "mayan-longcount",
    "era": ""
  },
  "jdn": 1721060,
  "convertedJDN": 1720803,
  "diff": 257
}

=== Test 3: Round-Trip Conversions ===
Ô£ù Round-Trip (gregorian -> mayan-longcount -> gregorian): JDN difference: 68 days
  Details: {
  "sourceDate": {
    "year": 2024,
    "month": 1,
    "day": 1,
    "calendar": "gregorian",
    "era": "CE"
  },
  "toTarget": {
    "year": 13,
    "month": 0,
    "day": 11,
    "calendar": "mayan-longcount",
    "era": ""
  },
  "backToSource": {
    "year": 2023,
    "month": 10,
    "day": 25,
    "calendar": "gregorian",
    "era": "CE"
  },
  "sourceJDN": 2460311,
  "backJDN": 2460243,
  "diff": 68
}
Ô£ù Round-Trip (gregorian -> coptic -> gregorian): JDN difference: 218 days
  Details: {
  "sourceDate": {
    "year": 100,
    "month": 6,
    "day": 15,
    "calendar": "gregorian",
    "era": "CE"
  },
  "toTarget": {
    "year": -184,
    "month": 3,
    "day": 15,
    "calendar": "coptic",
    "era": "AM"
  },
  "backToSource": {
    "year": 99,
    "month": 11,
    "day": 9,
    "calendar": "gregorian",
    "era": "CE"
  },
  "sourceJDN": 1757750,
  "backJDN": 1757532,
  "diff": 218
}
Ô£ù Round-Trip (gregorian -> mayan-longcount -> gregorian): JDN difference: 227 days
  Details: {
  "sourceDate": {
    "year": 100,
    "month": 6,
    "day": 15,
    "calendar": "gregorian",
    "era": "CE"
  },
  "toTarget": {
    "year": 8,
    "month": 2,
    "day": 19,
    "calendar": "mayan-longcount",
    "era": ""
  },
  "backToSource": {
    "year": 99,
    "month": 10,
    "day": 31,
    "calendar": "gregorian",
    "era": "CE"
  },
  "sourceJDN": 1757750,
  "backJDN": 1757523,
  "diff": 227
}
Ô£ù Round-Trip (gregorian -> chinese -> gregorian): JDN difference: 672900 days
  Details: {
  "sourceDate": {
    "year": 0,
    "month": 1,
    "day": 1,
    "calendar": "gregorian",
    "era": "BCE"
  },
  "toTarget": {
    "year": -59,
    "month": 8,
    "day": 4,
    "calendar": "chinese",
    "era": "CE"
  },
  "backToSource": {
    "year": 1842,
    "month": 5,
    "day": 4,
    "calendar": "gregorian",
    "era": "CE"
  },
  "sourceJDN": 1721060,
  "backJDN": 2393960,
  "diff": 672900
}
Ô£ù Round-Trip (gregorian -> ethiopian -> gregorian): JDN difference: 112 days
  Details: {
  "sourceDate": {
    "year": 0,
    "month": 1,
    "day": 1,
    "calendar": "gregorian",
    "era": "BCE"
  },
  "toTarget": {
    "year": -8,
    "month": 8,
    "day": 30,
    "calendar": "ethiopian",
    "era": "EE"
  },
  "backToSource": {
    "year": 0,
    "month": 4,
    "day": 22,
    "calendar": "gregorian",
    "era": "BCE"
  },
  "sourceJDN": 1721060,
  "backJDN": 1721172,
  "diff": 112
}
Ô£ù Round-Trip (gregorian -> coptic -> gregorian): JDN difference: 112 days
  Details: {
  "sourceDate": {
    "year": 0,
    "month": 1,
    "day": 1,
    "calendar": "gregorian",
    "era": "BCE"
  },
  "toTarget": {
    "year": -284,
    "month": 8,
    "day": 30,
    "calendar": "coptic",
    "era": "AM"
  },
  "backToSource": {
    "year": 0,
    "month": 4,
    "day": 22,
    "calendar": "gregorian",
    "era": "BCE"
  },
  "sourceJDN": 1721060,
  "backJDN": 1721172,
  "diff": 112
}
Ô£ù Round-Trip (gregorian -> mayan-longcount -> gregorian): JDN difference: 257 days
  Details: {
  "sourceDate": {
    "year": 0,
    "month": 1,
    "day": 1,
    "calendar": "gregorian",
    "era": "BCE"
  },
  "toTarget": {
    "year": 7,
    "month": 17,
    "day": 17,
    "calendar": "mayan-longcount",
    "era": ""
  },
  "backToSource": {
    "year": -1,
    "month": 4,
    "day": 19,
    "calendar": "gregorian",
    "era": "BCE"
  },
  "sourceJDN": 1721060,
  "backJDN": 1720803,
  "diff": 257
}
Ô£ù Round-Trip (gregorian -> chinese -> gregorian): JDN difference: 673327 days
  Details: {
  "sourceDate": {
    "year": -100,
    "month": 7,
    "day": 4,
    "calendar": "gregorian",
    "era": "BCE"
  },
  "toTarget": {
    "year": -161,
    "month": 1,
    "day": 16,
    "calendar": "chinese",
    "era": "CE"
  },
  "backToSource": {
    "year": 1744,
    "month": 1,
    "day": 5,
    "calendar": "gregorian",
    "era": "CE"
  },
  "sourceJDN": 1684720,
  "backJDN": 2358047,
  "diff": 673327
}
Ô£ù Round-Trip (gregorian -> ethiopian -> gregorian): JDN difference: 258 days
  Details: {
  "sourceDate": {
    "year": -100,
    "month": 7,
    "day": 4,
    "calendar": "gregorian",
    "era": "BCE"
  },
  "toTarget": {
    "year": -108,
    "month": 2,
    "day": 25,
    "calendar": "ethiopian",
    "era": "EE"
  },
  "backToSource": {
    "year": -101,
    "month": 10,
    "day": 19,
    "calendar": "gregorian",
    "era": "BCE"
  },
  "sourceJDN": 1684720,
  "backJDN": 1684462,
  "diff": 258
}
Ô£ù Round-Trip (gregorian -> coptic -> gregorian): JDN difference: 258 days
  Details: {
  "sourceDate": {
    "year": -100,
    "month": 7,
    "day": 4,
    "calendar": "gregorian",
    "era": "BCE"
  },
  "toTarget": {
    "year": -384,
    "month": 2,
    "day": 25,
    "calendar": "coptic",
    "era": "AM"
  },
  "backToSource": {
    "year": -101,
    "month": 10,
    "day": 19,
    "calendar": "gregorian",
    "era": "BCE"
  },
  "sourceJDN": 1684720,
  "backJDN": 1684462,
  "diff": 258
}
Ô£ù Round-Trip (gregorian -> mayan-longcount -> gregorian): JDN difference: 277 days
  Details: {
  "sourceDate": {
    "year": -100,
    "month": 7,
    "day": 4,
    "calendar": "gregorian",
    "era": "BCE"
  },
  "toTarget": {
    "year": 7,
    "month": 12,
    "day": 16,
    "calendar": "mayan-longcount",
    "era": ""
  },
  "backToSource": {
    "year": -101,
    "month": 9,
    "day": 30,
    "calendar": "gregorian",
    "era": "BCE"
  },
  "sourceJDN": 1684720,
  "backJDN": 1684443,
  "diff": 277
}

=== Test 4: Known Reference Dates ===
Ô£ô Known Reference (Gregorian Epoch): JDN matches: 1721426
Ô£ô Known Reference (Julian Epoch): JDN matches: 1721426
Ô£ô Known Reference (Islamic Epoch): JDN matches: 1948440
Ô£ù Known Reference (Hebrew Epoch): JDN mismatch: expected 347997, got 347632 (tolerance: 1)
  Details: {
  "refDate": {
    "name": "Hebrew Epoch",
    "gregorian": {
      "year": -3761,
      "month": 10,
      "day": 7
    },
    "jdn": 347997,
    "description": "October 7, 3761 BCE (Julian) - Creation - start of Hebrew calendar",
    "useJulian": true
  },
  "expectedJDN": 347997,
  "actualJDN": 347632
}
Ô£ô Known Reference (Persian Epoch): JDN matches: 1948318
Ô£ù Known Reference (Mayan Epoch): JDN mismatch: expected 584283, got 583918 (tolerance: 1)
  Details: {
  "refDate": {
    "name": "Mayan Epoch",
    "gregorian": {
      "year": -3114,
      "month": 8,
      "day": 11
    },
    "jdn": 584283,
    "description": "August 11, 3114 BCE (Gregorian) - GMT correlation - Mayan epoch",
    "useJulian": false
  },
  "expectedJDN": 584283,
  "actualJDN": 583918
}
Ô£ô Known Reference (Modern Date): JDN matches: 2460311
Ô£ô Known Reference (Leap Year Date): JDN matches: 2460370
Ô£ô Known Reference (Negative Year): JDN matches: 1684536
Ô£ô Known Reference (Year Zero): JDN matches: 1721060

=== Test 5: Era Designations ===

=== Test 6: Formatting and Parsing ===

=== Test 7: Edge Cases ===

============================================================
Test Summary
============================================================
Total Tests: 53
Passed: 8 (15.1%)
Failed: 45 (84.9%)

Failed Tests:
  - JDN Consistency (chinese, 1000-12-31): JDN mismatch: 2096479 vs 2096126
  - JDN Consistency (indian-saka, 1000-12-31): JDN mismatch: 2114873 vs 2114507
  - Cross-Calendar Alignment (Gregorian Epoch -> chinese): JDN difference: 672877 days (expected <= 2)
  - Cross-Calendar Alignment (Gregorian Epoch -> ethiopian): JDN difference: 111 days (expected <= 1)
  - Cross-Calendar Alignment (Gregorian Epoch -> coptic): JDN difference: 111 days (expected <= 1)
  - Cross-Calendar Alignment (Gregorian Epoch -> mayan-longcount): JDN difference: 263 days (expected <= 1)
  - Cross-Calendar Alignment (Julian Epoch -> chinese): JDN difference: 672877 days (expected <= 2)
  - Cross-Calendar Alignment (Julian Epoch -> ethiopian): JDN difference: 111 days (expected <= 1)
  - Cross-Calendar Alignment (Julian Epoch -> coptic): JDN difference: 111 days (expected <= 1)
  - Cross-Calendar Alignment (Julian Epoch -> mayan-longcount): JDN difference: 263 days (expected <= 1)
  - Cross-Calendar Alignment (Islamic Epoch -> mayan-longcount): JDN difference: 114 days (expected <= 1)
  - Cross-Calendar Alignment (Hebrew Epoch -> chinese): JDN difference: 674066 days (expected <= 2)
  - Cross-Calendar Alignment (Hebrew Epoch -> ethiopian): JDN difference: 228 days (expected <= 1)
  - Cross-Calendar Alignment (Hebrew Epoch -> coptic): JDN difference: 228 days (expected <= 1)
  - Cross-Calendar Alignment (Hebrew Epoch -> mayan-longcount): JDN difference: 101 days (expected <= 1)
  - Cross-Calendar Alignment (Persian Epoch -> persian): JDN difference: 357 days (expected <= 1)
  - Cross-Calendar Alignment (Persian Epoch -> mayan-longcount): JDN difference: 355 days (expected <= 1)
  - Cross-Calendar Alignment (Mayan Epoch -> chinese): JDN difference: 674035 days (expected <= 2)
  - Cross-Calendar Alignment (Mayan Epoch -> ethiopian): JDN difference: 349 days (expected <= 1)
  - Cross-Calendar Alignment (Mayan Epoch -> coptic): JDN difference: 349 days (expected <= 1)
  - Cross-Calendar Alignment (Mayan Epoch -> mayan-longcount): JDN difference: 5 days (expected <= 1)
  - Cross-Calendar Alignment (Modern Date -> mayan-longcount): JDN difference: 68 days (expected <= 1)
  - Cross-Calendar Alignment (Leap Year Date -> bahai): JDN difference: 4 days (expected <= 1)
  - Cross-Calendar Alignment (Leap Year Date -> mayan-longcount): JDN difference: 127 days (expected <= 1)
  - Cross-Calendar Alignment (Negative Year -> chinese): JDN difference: 672987 days (expected <= 2)
  - Cross-Calendar Alignment (Negative Year -> ethiopian): JDN difference: 110 days (expected <= 1)
  - Cross-Calendar Alignment (Negative Year -> coptic): JDN difference: 110 days (expected <= 1)
  - Cross-Calendar Alignment (Negative Year -> mayan-longcount): JDN difference: 93 days (expected <= 1)
  - Cross-Calendar Alignment (Year Zero -> chinese): JDN difference: 672900 days (expected <= 2)
  - Cross-Calendar Alignment (Year Zero -> ethiopian): JDN difference: 112 days (expected <= 1)
  - Cross-Calendar Alignment (Year Zero -> coptic): JDN difference: 112 days (expected <= 1)
  - Cross-Calendar Alignment (Year Zero -> mayan-longcount): JDN difference: 257 days (expected <= 1)
  - Round-Trip (gregorian -> mayan-longcount -> gregorian): JDN difference: 68 days
  - Round-Trip (gregorian -> coptic -> gregorian): JDN difference: 218 days
  - Round-Trip (gregorian -> mayan-longcount -> gregorian): JDN difference: 227 days
  - Round-Trip (gregorian -> chinese -> gregorian): JDN difference: 672900 days
  - Round-Trip (gregorian -> ethiopian -> gregorian): JDN difference: 112 days
  - Round-Trip (gregorian -> coptic -> gregorian): JDN difference: 112 days
  - Round-Trip (gregorian -> mayan-longcount -> gregorian): JDN difference: 257 days
  - Round-Trip (gregorian -> chinese -> gregorian): JDN difference: 673327 days
  - Round-Trip (gregorian -> ethiopian -> gregorian): JDN difference: 258 days
  - Round-Trip (gregorian -> coptic -> gregorian): JDN difference: 258 days
  - Round-Trip (gregorian -> mayan-longcount -> gregorian): JDN difference: 277 days
  - Known Reference (Hebrew Epoch): JDN mismatch: expected 347997, got 347632 (tolerance: 1)
  - Known Reference (Mayan Epoch): JDN mismatch: expected 584283, got 583918 (tolerance: 1)
